21:50:38 **** Auto Build of configuration Debug for project test ****
make pre-build main-build 
a9-linaro-pre-build-step
' '
'Building file: ../src/main.c'
'Invoking: ARM v7 gcc compiler'
arm-none-eabi-gcc -Wall -O0 -g3 -I"C:\Users\xzhan134\Documents\GitHub\XCP-on-Ethernet-with-CANape\XCPonEthernet\XCPonEthernet.sdk\test\src\XCP_Basic_Driver" -I"C:\Users\xzhan134\Documents\GitHub\XCP-on-Ethernet-with-CANape\XCPonEthernet\XCPonEthernet.sdk\test\src" -c -fmessage-length=0 -MT"src/main.o" -mcpu=cortex-a9 -mfpu=vfpv3 -mfloat-abi=hard -I../../xcp_freertos_bsp/ps7_cortexa9_0/include -MMD -MP -MF"src/main.d" -MT"src/main.o" -o "src/main.o" "../src/main.c"
'Finished building: ../src/main.c'
' '
'Building target: test.elf'
'Invoking: ARM v7 gcc linker'
arm-none-eabi-gcc -mcpu=cortex-a9 -mfpu=vfpv3 -mfloat-abi=hard -Wl,-build-id=none -specs=Xilinx.spec -Wl,-T -Wl,../src/lscript.ld -L../../xcp_freertos_bsp/ps7_cortexa9_0/lib -o "test.elf"  ./src/XCP_Communication/UDP_IP.o ./src/XCP_Communication/xcp_eth_init.o  ./src/XCP_Basic_Driver/XcpBasic.o ./src/XCP_Basic_Driver/_xcp_appl.o ./src/XCP_Basic_Driver/xcp_par.o  ./src/Periodic_Tasks/main_periodic_tasks.o  ./src/main.o ./src/platform.o   -Wl,--start-group,-lxil,-lfreertos,-lgcc,-lc,--end-group -Wl,--start-group,-lxil,-llwip4,-lgcc,-lc,--end-group
'Finished building target: test.elf'
' '
'Invoking: ARM v7 Print Size'
arm-none-eabi-size test.elf  |tee "test.elf.size"
   text	   data	    bss	    dec	    hex	filename
 174048	   4232	2152752	2331032	 239198	test.elf
'Finished building: test.elf.size'
' '

21:50:39 Build Finished (took 1s.447ms)

