19:26:32 **** Build of configuration Debug for project xcp_freertos ****
make pre-build main-build 
a9-linaro-pre-build-step
' '
'Building file: ../src/XCP_Basic_Driver/XcpBasic.c'
'Invoking: ARM v7 gcc compiler'
arm-none-eabi-gcc -Wall -O0 -g3 -I"C:\Users\xzhan134\Documents\GitHub\XCP-on-Ethernet-with-CANape\XCPonEthernet\XCPonEthernet.sdk\xcp_freertos\src\XCP_Basic_Driver" -I"C:\Users\xzhan134\Documents\GitHub\XCP-on-Ethernet-with-CANape\XCPonEthernet\XCPonEthernet.sdk\xcp_freertos\src" -c -fmessage-length=0 -MT"src/XCP_Basic_Driver/XcpBasic.o" -mcpu=cortex-a9 -mfpu=vfpv3 -mfloat-abi=hard -I../../xcp_freertos_bsp/ps7_cortexa9_0/include -MMD -MP -MF"src/XCP_Basic_Driver/XcpBasic.d" -MT"src/XCP_Basic_Driver/XcpBasic.o" -o "src/XCP_Basic_Driver/XcpBasic.o" "../src/XCP_Basic_Driver/XcpBasic.c"
'Finished building: ../src/XCP_Basic_Driver/XcpBasic.c'
' '
'Building file: ../src/XCP_Basic_Driver/_xcp_appl.c'
'Invoking: ARM v7 gcc compiler'
arm-none-eabi-gcc -Wall -O0 -g3 -I"C:\Users\xzhan134\Documents\GitHub\XCP-on-Ethernet-with-CANape\XCPonEthernet\XCPonEthernet.sdk\xcp_freertos\src\XCP_Basic_Driver" -I"C:\Users\xzhan134\Documents\GitHub\XCP-on-Ethernet-with-CANape\XCPonEthernet\XCPonEthernet.sdk\xcp_freertos\src" -c -fmessage-length=0 -MT"src/XCP_Basic_Driver/_xcp_appl.o" -mcpu=cortex-a9 -mfpu=vfpv3 -mfloat-abi=hard -I../../xcp_freertos_bsp/ps7_cortexa9_0/include -MMD -MP -MF"src/XCP_Basic_Driver/_xcp_appl.d" -MT"src/XCP_Basic_Driver/_xcp_appl.o" -o "src/XCP_Basic_Driver/_xcp_appl.o" "../src/XCP_Basic_Driver/_xcp_appl.c"
'Finished building: ../src/XCP_Basic_Driver/_xcp_appl.c'
' '
'Building file: ../src/XCP_Basic_Driver/xcp_par.c'
'Invoking: ARM v7 gcc compiler'
arm-none-eabi-gcc -Wall -O0 -g3 -I"C:\Users\xzhan134\Documents\GitHub\XCP-on-Ethernet-with-CANape\XCPonEthernet\XCPonEthernet.sdk\xcp_freertos\src\XCP_Basic_Driver" -I"C:\Users\xzhan134\Documents\GitHub\XCP-on-Ethernet-with-CANape\XCPonEthernet\XCPonEthernet.sdk\xcp_freertos\src" -c -fmessage-length=0 -MT"src/XCP_Basic_Driver/xcp_par.o" -mcpu=cortex-a9 -mfpu=vfpv3 -mfloat-abi=hard -I../../xcp_freertos_bsp/ps7_cortexa9_0/include -MMD -MP -MF"src/XCP_Basic_Driver/xcp_par.d" -MT"src/XCP_Basic_Driver/xcp_par.o" -o "src/XCP_Basic_Driver/xcp_par.o" "../src/XCP_Basic_Driver/xcp_par.c"
'Finished building: ../src/XCP_Basic_Driver/xcp_par.c'
' '
'Building file: ../src/UDP_IP.c'
'Invoking: ARM v7 gcc compiler'
arm-none-eabi-gcc -Wall -O0 -g3 -I"C:\Users\xzhan134\Documents\GitHub\XCP-on-Ethernet-with-CANape\XCPonEthernet\XCPonEthernet.sdk\xcp_freertos\src\XCP_Basic_Driver" -I"C:\Users\xzhan134\Documents\GitHub\XCP-on-Ethernet-with-CANape\XCPonEthernet\XCPonEthernet.sdk\xcp_freertos\src" -c -fmessage-length=0 -MT"src/UDP_IP.o" -mcpu=cortex-a9 -mfpu=vfpv3 -mfloat-abi=hard -I../../xcp_freertos_bsp/ps7_cortexa9_0/include -MMD -MP -MF"src/UDP_IP.d" -MT"src/UDP_IP.o" -o "src/UDP_IP.o" "../src/UDP_IP.c"
../src/UDP_IP.c: In function 'start_application':
../src/UDP_IP.c:180:16: warning: passing argument 2 of 'udp_recv' from incompatible pointer type [-Wincompatible-pointer-types]
  udp_recv(pcb, recv_callback, NULL);
                ^~~~~~~~~~~~~
In file included from ../src/UDP_IP.c:10:0:
../../xcp_freertos_bsp/ps7_cortexa9_0/include/lwip/udp.h:123:18: note: expected 'udp_recv_fn {aka void (*)(void *, struct udp_pcb *, struct pbuf *, const struct ip4_addr *, short unsigned int)}' but argument is of type 'void (*)(void *, struct udp_pcb *, struct pbuf *, struct ip4_addr *, u16_t) {aka void (*)(void *, struct udp_pcb *, struct pbuf *, struct ip4_addr *, short unsigned int)}'
 void             udp_recv       (struct udp_pcb *pcb, udp_recv_fn recv,
                  ^~~~~~~~
../src/UDP_IP.c:170:8: warning: variable 'err' set but not used [-Wunused-but-set-variable]
  err_t err;
        ^~~
'Finished building: ../src/UDP_IP.c'
' '
'Building file: ../src/main_periodic_tasks.c'
'Invoking: ARM v7 gcc compiler'
arm-none-eabi-gcc -Wall -O0 -g3 -I"C:\Users\xzhan134\Documents\GitHub\XCP-on-Ethernet-with-CANape\XCPonEthernet\XCPonEthernet.sdk\xcp_freertos\src\XCP_Basic_Driver" -I"C:\Users\xzhan134\Documents\GitHub\XCP-on-Ethernet-with-CANape\XCPonEthernet\XCPonEthernet.sdk\xcp_freertos\src" -c -fmessage-length=0 -MT"src/main_periodic_tasks.o" -mcpu=cortex-a9 -mfpu=vfpv3 -mfloat-abi=hard -I../../xcp_freertos_bsp/ps7_cortexa9_0/include -MMD -MP -MF"src/main_periodic_tasks.d" -MT"src/main_periodic_tasks.o" -o "src/main_periodic_tasks.o" "../src/main_periodic_tasks.c"
'Finished building: ../src/main_periodic_tasks.c'
' '
'Building file: ../src/platform.c'
'Invoking: ARM v7 gcc compiler'
arm-none-eabi-gcc -Wall -O0 -g3 -I"C:\Users\xzhan134\Documents\GitHub\XCP-on-Ethernet-with-CANape\XCPonEthernet\XCPonEthernet.sdk\xcp_freertos\src\XCP_Basic_Driver" -I"C:\Users\xzhan134\Documents\GitHub\XCP-on-Ethernet-with-CANape\XCPonEthernet\XCPonEthernet.sdk\xcp_freertos\src" -c -fmessage-length=0 -MT"src/platform.o" -mcpu=cortex-a9 -mfpu=vfpv3 -mfloat-abi=hard -I../../xcp_freertos_bsp/ps7_cortexa9_0/include -MMD -MP -MF"src/platform.d" -MT"src/platform.o" -o "src/platform.o" "../src/platform.c"
'Finished building: ../src/platform.c'
' '
'Building file: ../src/xcp_eth_init.c'
'Invoking: ARM v7 gcc compiler'
arm-none-eabi-gcc -Wall -O0 -g3 -I"C:\Users\xzhan134\Documents\GitHub\XCP-on-Ethernet-with-CANape\XCPonEthernet\XCPonEthernet.sdk\xcp_freertos\src\XCP_Basic_Driver" -I"C:\Users\xzhan134\Documents\GitHub\XCP-on-Ethernet-with-CANape\XCPonEthernet\XCPonEthernet.sdk\xcp_freertos\src" -c -fmessage-length=0 -MT"src/xcp_eth_init.o" -mcpu=cortex-a9 -mfpu=vfpv3 -mfloat-abi=hard -I../../xcp_freertos_bsp/ps7_cortexa9_0/include -MMD -MP -MF"src/xcp_eth_init.d" -MT"src/xcp_eth_init.o" -o "src/xcp_eth_init.o" "../src/xcp_eth_init.c"
'Finished building: ../src/xcp_eth_init.c'
' '
'Building file: ../src/xcp_freertos_main.c'
'Invoking: ARM v7 gcc compiler'
arm-none-eabi-gcc -Wall -O0 -g3 -I"C:\Users\xzhan134\Documents\GitHub\XCP-on-Ethernet-with-CANape\XCPonEthernet\XCPonEthernet.sdk\xcp_freertos\src\XCP_Basic_Driver" -I"C:\Users\xzhan134\Documents\GitHub\XCP-on-Ethernet-with-CANape\XCPonEthernet\XCPonEthernet.sdk\xcp_freertos\src" -c -fmessage-length=0 -MT"src/xcp_freertos_main.o" -mcpu=cortex-a9 -mfpu=vfpv3 -mfloat-abi=hard -I../../xcp_freertos_bsp/ps7_cortexa9_0/include -MMD -MP -MF"src/xcp_freertos_main.d" -MT"src/xcp_freertos_main.o" -o "src/xcp_freertos_main.o" "../src/xcp_freertos_main.c"
'Finished building: ../src/xcp_freertos_main.c'
' '
'Building target: xcp_freertos.elf'
'Invoking: ARM v7 gcc linker'
arm-none-eabi-gcc -mcpu=cortex-a9 -mfpu=vfpv3 -mfloat-abi=hard -Wl,-build-id=none -specs=Xilinx.spec -Wl,-T -Wl,../src/lscript.ld -L../../xcp_freertos_bsp/ps7_cortexa9_0/lib -o "xcp_freertos.elf"  ./src/XCP_Basic_Driver/XcpBasic.o ./src/XCP_Basic_Driver/_xcp_appl.o ./src/XCP_Basic_Driver/xcp_par.o  ./src/UDP_IP.o ./src/main_periodic_tasks.o ./src/platform.o ./src/xcp_eth_init.o ./src/xcp_freertos_main.o   -Wl,--start-group,-lxil,-lfreertos,-lgcc,-lc,--end-group -Wl,--start-group,-lxil,-llwip4,-lgcc,-lc,--end-group
'Finished building target: xcp_freertos.elf'
' '
'Invoking: ARM v7 Print Size'
arm-none-eabi-size xcp_freertos.elf  |tee "xcp_freertos.elf.size"
   text	   data	    bss	    dec	    hex	filename
 173992	   4232	2152752	2330976	 239160	xcp_freertos.elf
'Finished building: xcp_freertos.elf.size'
' '

19:26:36 Build Finished (took 4s.190ms)

