22:30:18 **** Auto Build of configuration Debug for project xcp ****
make pre-build main-build 
a9-linaro-pre-build-step
' '
'Building file: ../src/main.c'
'Invoking: ARM v7 gcc compiler'
arm-none-eabi-gcc -Wall -O0 -g3 -I"C:\Users\xzhan134\Documents\GitHub\XCP-on-Ethernet-with-CANape\XCPonEthernet_FreeRTOS\XCP.sdk\xcp\src\XCP_Basic_Driver" -I"C:\Users\xzhan134\Documents\GitHub\XCP-on-Ethernet-with-CANape\XCPonEthernet_FreeRTOS\XCP.sdk\xcp\src" -c -fmessage-length=0 -MT"src/main.o" -mcpu=cortex-a9 -mfpu=vfpv3 -mfloat-abi=hard -I../../freertos10_xilinx_bsp_0/ps7_cortexa9_0/include -MMD -MP -MF"src/main.d" -MT"src/main.o" -o "src/main.o" "../src/main.c"
'Finished building: ../src/main.c'
' '
'Building target: xcp.elf'
'Invoking: ARM v7 gcc linker'
arm-none-eabi-gcc -mcpu=cortex-a9 -mfpu=vfpv3 -mfloat-abi=hard -Wl,-build-id=none -specs=Xilinx.spec -Wl,-T -Wl,../src/lscript.ld -L../../freertos10_xilinx_bsp_0/ps7_cortexa9_0/lib -o "xcp.elf"  ./src/XCP_Communication/UDP_IP.o ./src/XCP_Communication/xcp_eth_init.o  ./src/XCP_Basic_Driver/XcpBasic.o ./src/XCP_Basic_Driver/_xcp_appl.o ./src/XCP_Basic_Driver/xcp_par.o  ./src/Periodic_Tasks/main_periodic_tasks.o  ./src/PL_LED_Init/led_flash_task.o  ./src/main.o ./src/platform.o   -Wl,--start-group,-lxil,-lfreertos,-lgcc,-lc,--end-group -Wl,--start-group,-lxil,-llwip4,-lgcc,-lc,--end-group
'Finished building target: xcp.elf'
' '
'Invoking: ARM v7 Print Size'
arm-none-eabi-size xcp.elf  |tee "xcp.elf.size"
   text	   data	    bss	    dec	    hex	filename
 180132	   4248	2152752	2337132	 23a96c	xcp.elf
'Finished building: xcp.elf.size'
' '

22:30:20 Build Finished (took 1s.425ms)

